2026-09-10 14:30:27,459 - [DEBUG] - Инициализация: mode=prod, kanban_files=9, report_parts=['analytics', 'detail', 'source'], team_enabled=True, debug_detail=True [class: kanban_excel_v2 | def: debug]
2026-09-10 14:30:27,462 - [DEBUG] -   → ensure_input_files_exist [kanban_files=9] [class: kanban_excel_v2 | def: debug]
2026-09-10 14:30:27,468 - [INFO] - Входные файлы найдены: режим=prod, каталог=C:\Users\01803187\Documents\MyProject\KANBAN_HTML_Analiz\IN\PROD, Kanban=9, команда=14 [class: kanban_excel_v2 | def: ensure_input_files_exist]
2026-09-10 14:30:27,469 - [DEBUG] -   ← ensure_input_files_exist — 0.02 сек [kanban_files=9] [class: kanban_excel_v2 | def: debug]
2026-09-10 14:30:27,469 - [DEBUG] -   → apply_adaptive_resources [class: kanban_excel_v2 | def: debug]
2026-09-10 14:30:27,473 - [INFO] - Адаптивные ресурсы: RAM 6.3/15.7 ГБ (занято 60%), вход 1.29 ГБ, давление=ok, workers=2, parallel_stages=False, html_slices=True [class: kanban_excel_v2 | def: apply_adaptive_resources]
2026-09-10 14:30:27,473 - [INFO] -   → RAM 15.7 ГБ < порога 16 ГБ (осторожный режим, workers≤2) [class: kanban_excel_v2 | def: apply_adaptive_resources]
2026-09-10 14:30:27,474 - [DEBUG] - RSS процесса 0 МБ [class: resource_guard | def: apply_adaptive_resources] [class: kanban_excel_v2 | def: apply_adaptive_resources]
2026-09-10 14:30:27,474 - [DEBUG] -   ← apply_adaptive_resources — 0.00 сек [class: kanban_excel_v2 | def: debug]
2026-09-10 14:30:27,474 - [INFO] - Старт Excel v2 pipeline (режим=prod, workers=2, report_parts=analytics,detail,source) [class: kanban_excel_v2 | def: run_excel_pipeline]
2026-09-10 14:30:27,474 - [DEBUG] - Ресурсы: workers=2, parallel_stages=False [class: kanban_excel_v2 | def: debug]
2026-09-10 14:30:27,474 - [INFO] - Режим: prod, файлов: 9, workers: 2 [class: kanban_excel_v2 | def: run_excel_pipeline]
2026-09-10 14:30:27,474 - [INFO] - ▶ Этап: Загрузка Kanban — 9 файлов [class: kanban_excel_v2 | def: _emit]
2026-09-10 14:30:27,474 - [DEBUG] - ▶ Старт этапа «Загрузка Kanban» (9 файлов) [class: kanban_excel_v2 | def: debug]
2026-09-10 14:30:27,474 - [DEBUG] -   → load_all_files [files=9] [class: kanban_excel_v2 | def: debug]
2026-09-10 14:30:27,476 - [INFO] - ⏱ Этап «Загрузка Kanban»: 0.0 сек [class: kanban_excel_v2 | def: _emit]
2026-09-10 14:30:27,476 - [DEBUG] - ⏱ Этап «Загрузка Kanban» зафиксирован: 0.00 сек [class: kanban_excel_v2 | def: debug]
2026-09-10 14:30:27,476 - [INFO] - ▶ Этап: Загрузка Excel — 9 файл(ов), workers=2 [class: kanban_excel_v2 | def: _emit]
2026-09-10 14:30:27,476 - [DEBUG] - ▶ Старт этапа «Загрузка Excel» (9 файл(ов), workers=2) [class: kanban_excel_v2 | def: debug]
2026-09-10 14:30:27,476 - [INFO] -   … В очереди: Канбан ЕФС0 (04_09-09-2026) __ 10-09-2026.xlsx (62.8 МБ) [class: kanban_excel_v2 | def: _emit]
2026-09-10 14:30:27,476 - [DEBUG] -   … В очереди: Канбан ЕФС0 (04_09-09-2026) __ 10-09-2026.xlsx (62.8 МБ) [class: kanban_excel_v2 | def: debug]
2026-09-10 14:30:27,476 - [INFO] -   … В очереди: Канбан ЕФС0 (31-07 14_21_28_31-08-2026) __ 10-09-2026.xlsx (134.6 МБ) [class: kanban_excel_v2 | def: _emit]
2026-09-10 14:30:27,476 - [DEBUG] -   … В очереди: Канбан ЕФС0 (31-07 14_21_28_31-08-2026) __ 10-09-2026.xlsx (134.6 МБ) [class: kanban_excel_v2 | def: debug]
2026-09-10 14:30:27,477 - [INFO] -   … В очереди: Канбан ЕФС1 (09-09-2026) __ 10-09-2026.xlsx (156.4 МБ) [class: kanban_excel_v2 | def: _emit]
2026-09-10 14:30:27,477 - [DEBUG] -   … В очереди: Канбан ЕФС1 (09-09-2026) __ 10-09-2026.xlsx (156.4 МБ) [class: kanban_excel_v2 | def: debug]
2026-09-10 14:30:27,477 - [INFO] -   … В очереди: Канбан ЕФС1 (04-09-2026) __ 10-09-2026.xlsx (156.7 МБ) [class: kanban_excel_v2 | def: _emit]
2026-09-10 14:30:27,477 - [DEBUG] -   … В очереди: Канбан ЕФС1 (04-09-2026) __ 10-09-2026.xlsx (156.7 МБ) [class: kanban_excel_v2 | def: debug]
2026-09-10 14:30:27,477 - [INFO] -   … В очереди: Канбан ЕФС1 (31-08-2026) __ 10-09-2026.xlsx (157.2 МБ) [class: kanban_excel_v2 | def: _emit]
2026-09-10 14:30:27,477 - [DEBUG] -   … В очереди: Канбан ЕФС1 (31-08-2026) __ 10-09-2026.xlsx (157.2 МБ) [class: kanban_excel_v2 | def: debug]
2026-09-10 14:30:27,477 - [INFO] -   … В очереди: Канбан ЕФС1 (28-08-2026) __ 10-09-2026.xlsx (163.7 МБ) [class: kanban_excel_v2 | def: _emit]
2026-09-10 14:30:27,478 - [DEBUG] -   … В очереди: Канбан ЕФС1 (28-08-2026) __ 10-09-2026.xlsx (163.7 МБ) [class: kanban_excel_v2 | def: debug]
2026-09-10 14:30:27,478 - [INFO] -   … В очереди: Канбан ЕФС1 (21-08-2026) __ 10-09-2026.xlsx (162.2 МБ) [class: kanban_excel_v2 | def: _emit]
2026-09-10 14:30:27,478 - [DEBUG] -   … В очереди: Канбан ЕФС1 (21-08-2026) __ 10-09-2026.xlsx (162.2 МБ) [class: kanban_excel_v2 | def: debug]
2026-09-10 14:30:27,478 - [INFO] -   … В очереди: Канбан ЕФС1 (14-08-2026) __ 10-09-2026.xlsx (166.4 МБ) [class: kanban_excel_v2 | def: _emit]
2026-09-10 14:30:27,478 - [DEBUG] -   … В очереди: Канбан ЕФС1 (14-08-2026) __ 10-09-2026.xlsx (166.4 МБ) [class: kanban_excel_v2 | def: debug]
2026-09-10 14:30:27,478 - [INFO] -   … В очереди: Канбан ЕФС1 (31-07-2026) __ 10-09-2026.xlsx (158.4 МБ) [class: kanban_excel_v2 | def: _emit]
2026-09-10 14:30:27,478 - [DEBUG] -   … В очереди: Канбан ЕФС1 (31-07-2026) __ 10-09-2026.xlsx (158.4 МБ) [class: kanban_excel_v2 | def: debug]
2026-09-10 14:34:56,004 - [INFO] - [1/9] Канбан ЕФС0 (04_09-09-2026) __ 10-09-2026.xlsx: 370,043 строк загружено [class: kanban.excel_loader | def: load_all_files]
2026-09-10 14:34:56,005 - [INFO] -   … [1/9] Канбан ЕФС0 (04_09-09-2026) __ 10-09-2026.xlsx: 370,043 строк загружено [class: kanban_excel_v2 | def: _emit]
2026-09-10 14:34:56,005 - [DEBUG] -   … [1/9] Канбан ЕФС0 (04_09-09-2026) __ 10-09-2026.xlsx: 370,043 строк загружено [class: kanban_excel_v2 | def: debug]
2026-09-10 14:41:12,824 - [INFO] - [2/9] Канбан ЕФС0 (31-07 14_21_28_31-08-2026) __ 10-09-2026.xlsx: 895,886 строк загружено [class: kanban.excel_loader | def: load_all_files]
2026-09-10 14:41:12,824 - [INFO] -   … [2/9] Канбан ЕФС0 (31-07 14_21_28_31-08-2026) __ 10-09-2026.xlsx: 895,886 строк загружено [class: kanban_excel_v2 | def: _emit]
2026-09-10 14:41:12,824 - [DEBUG] -   … [2/9] Канбан ЕФС0 (31-07 14_21_28_31-08-2026) __ 10-09-2026.xlsx: 895,886 строк загружено [class: kanban_excel_v2 | def: debug]
2026-09-10 14:45:26,327 - [INFO] - [3/9] Канбан ЕФС1 (09-09-2026) __ 10-09-2026.xlsx: 877,074 строк загружено [class: kanban.excel_loader | def: load_all_files]
2026-09-10 14:45:26,327 - [INFO] -   … [3/9] Канбан ЕФС1 (09-09-2026) __ 10-09-2026.xlsx: 877,074 строк загружено [class: kanban_excel_v2 | def: _emit]
2026-09-10 14:45:26,327 - [DEBUG] -   … [3/9] Канбан ЕФС1 (09-09-2026) __ 10-09-2026.xlsx: 877,074 строк загружено [class: kanban_excel_v2 | def: debug]
2026-09-10 14:51:18,589 - [INFO] - [4/9] Канбан ЕФС1 (04-09-2026) __ 10-09-2026.xlsx: 879,250 строк загружено [class: kanban.excel_loader | def: load_all_files]
2026-09-10 14:51:18,589 - [INFO] -   … [4/9] Канбан ЕФС1 (04-09-2026) __ 10-09-2026.xlsx: 879,250 строк загружено [class: kanban_excel_v2 | def: _emit]
2026-09-10 14:51:18,589 - [DEBUG] -   … [4/9] Канбан ЕФС1 (04-09-2026) __ 10-09-2026.xlsx: 879,250 строк загружено [class: kanban_excel_v2 | def: debug]
2026-09-10 14:54:47,809 - [INFO] - [5/9] Канбан ЕФС1 (31-08-2026) __ 10-09-2026.xlsx: 882,544 строк загружено [class: kanban.excel_loader | def: load_all_files]
2026-09-10 14:54:47,809 - [INFO] -   … [5/9] Канбан ЕФС1 (31-08-2026) __ 10-09-2026.xlsx: 882,544 строк загружено [class: kanban_excel_v2 | def: _emit]
2026-09-10 14:54:47,809 - [DEBUG] -   … [5/9] Канбан ЕФС1 (31-08-2026) __ 10-09-2026.xlsx: 882,544 строк загружено [class: kanban_excel_v2 | def: debug]
2026-09-10 15:00:38,062 - [INFO] - [6/9] Канбан ЕФС1 (28-08-2026) __ 10-09-2026.xlsx: 923,558 строк загружено [class: kanban.excel_loader | def: load_all_files]
2026-09-10 15:00:38,062 - [INFO] -   … [6/9] Канбан ЕФС1 (28-08-2026) __ 10-09-2026.xlsx: 923,558 строк загружено [class: kanban_excel_v2 | def: _emit]
2026-09-10 15:00:38,062 - [DEBUG] -   … [6/9] Канбан ЕФС1 (28-08-2026) __ 10-09-2026.xlsx: 923,558 строк загружено [class: kanban_excel_v2 | def: debug]
2026-09-10 15:04:02,766 - [INFO] - [7/9] Канбан ЕФС1 (21-08-2026) __ 10-09-2026.xlsx: 915,267 строк загружено [class: kanban.excel_loader | def: load_all_files]
2026-09-10 15:04:02,767 - [INFO] -   … [7/9] Канбан ЕФС1 (21-08-2026) __ 10-09-2026.xlsx: 915,267 строк загружено [class: kanban_excel_v2 | def: _emit]
2026-09-10 15:04:02,767 - [DEBUG] -   … [7/9] Канбан ЕФС1 (21-08-2026) __ 10-09-2026.xlsx: 915,267 строк загружено [class: kanban_excel_v2 | def: debug]
2026-09-10 15:10:13,383 - [INFO] - [8/9] Канбан ЕФС1 (14-08-2026) __ 10-09-2026.xlsx: 939,243 строк загружено [class: kanban.excel_loader | def: load_all_files]
2026-09-10 15:10:13,383 - [INFO] -   … [8/9] Канбан ЕФС1 (14-08-2026) __ 10-09-2026.xlsx: 939,243 строк загружено [class: kanban_excel_v2 | def: _emit]
2026-09-10 15:10:13,383 - [DEBUG] -   … [8/9] Канбан ЕФС1 (14-08-2026) __ 10-09-2026.xlsx: 939,243 строк загружено [class: kanban_excel_v2 | def: debug]
2026-09-10 15:10:13,402 - [INFO] - Освобождение памяти (Канбан ЕФС1 (14-08-2026) __ 10-09-2026.xlsx): gc=100 объектов, RAM свободно 1.9 ГБ (88% занято, warn) [class: kanban.excel_loader | def: release_memory_if_needed]
2026-09-10 15:13:04,339 - [INFO] - [9/9] Канбан ЕФС1 (31-07-2026) __ 10-09-2026.xlsx: 888,619 строк загружено [class: kanban.excel_loader | def: load_all_files]
2026-09-10 15:13:04,339 - [INFO] -   … [9/9] Канбан ЕФС1 (31-07-2026) __ 10-09-2026.xlsx: 888,619 строк загружено [class: kanban_excel_v2 | def: _emit]
2026-09-10 15:13:04,339 - [DEBUG] -   … [9/9] Канбан ЕФС1 (31-07-2026) __ 10-09-2026.xlsx: 888,619 строк загружено [class: kanban_excel_v2 | def: debug]
2026-09-10 15:13:04,357 - [INFO] - Освобождение памяти (Канбан ЕФС1 (31-07-2026) __ 10-09-2026.xlsx): gc=50 объектов, RAM свободно 1.3 ГБ (91% занято, critical) [class: kanban.excel_loader | def: release_memory_if_needed]
2026-09-10 15:13:04,888 - [INFO] -   … Объединение 9 таблиц… [class: kanban_excel_v2 | def: _emit]
2026-09-10 15:13:04,888 - [DEBUG] -   … Объединение 9 таблиц… [class: kanban_excel_v2 | def: debug]
2026-09-10 15:13:07,185 - [INFO] - Объединено строк: 7571484 из 9 файлов (все строки файлов сохранены) [class: kanban.excel_loader | def: load_all_files]
2026-09-10 15:13:07,185 - [INFO] - ✓ Загрузка: 7,571,484 строк из 9 файлов — полный объём (2559.7 сек) [class: kanban_excel_v2 | def: _emit]
2026-09-10 15:13:07,185 - [DEBUG] - ✓ Этап «Загрузка Excel» завершён: Загрузка: 7,571,484 строк из 9 файлов — полный объём (2559.70 сек) [class: kanban_excel_v2 | def: debug]
2026-09-10 15:13:07,575 - [DEBUG] -   ← load_all_files — 2560.09 сек [files=9] [class: kanban_excel_v2 | def: debug]
2026-09-10 15:13:07,576 - [DEBUG] - После загрузки Kanban: rows=7,571,484, cols=24 [class: kanban_excel_v2 | def: debug]
2026-09-10 15:13:08,248 - [INFO] - ▶ Этап: Фильтрация — 7,571,484 строк [class: kanban_excel_v2 | def: _emit]
2026-09-10 15:13:08,249 - [DEBUG] - ▶ Старт этапа «Фильтрация» (7,571,484 строк) [class: kanban_excel_v2 | def: debug]
2026-09-10 15:13:08,249 - [DEBUG] -   ▸ подэтап: подготовка фильтров — включено=8: change_conditions, efs_flag, exclude_deal_otkaz, exclude_current_for_sale, exclude_current_otkaz, exclude_deal_otklonen, exclude_deal_annulirovana, exclude_deal_rastorgnuta [class: kanban_excel_v2 | def: debug]
2026-09-10 15:13:08,249 - [INFO] -   … подготовка фильтров — включено=8: change_conditions, efs_flag, exclude_deal_otkaz, exclude_current_for_sale, exclude_current_otkaz, exclude_deal_otklonen, exclude_deal_annulirovana, exclude_deal_rastorgnuta [class: kanban_excel_v2 | def: _emit]
2026-09-10 15:13:08,249 - [DEBUG] -   … подготовка фильтров — включено=8: change_conditions, efs_flag, exclude_deal_otkaz, exclude_current_for_sale, exclude_current_otkaz, exclude_deal_otklonen, exclude_deal_annulirovana, exclude_deal_rastorgnuta [class: kanban_excel_v2 | def: debug]
2026-09-10 15:13:32,731 - [DEBUG] -   ✓ подэтап «подготовка фильтров» — 24.48 сек [class: kanban_excel_v2 | def: debug]
2026-09-10 15:13:32,731 - [DEBUG] -   ▸ подэтап: apply_filters — вход=7,571,484 [class: kanban_excel_v2 | def: debug]
2026-09-10 15:13:32,731 - [INFO] -   … apply_filters — вход=7,571,484 [class: kanban_excel_v2 | def: _emit]
2026-09-10 15:13:32,731 - [DEBUG] -   … apply_filters — вход=7,571,484 [class: kanban_excel_v2 | def: debug]
2026-09-10 15:13:32,731 - [DEBUG] -   → apply_filters [rows_in=7571484, filters=8] [class: kanban_excel_v2 | def: debug]
2026-09-10 15:13:32,731 - [DEBUG] - → apply_filters [rows_in=7571484, enabled_inclusion=2] [class: kanban.filters | def: procedure]
2026-09-10 15:13:33,929 - [DEBUG] - → filter:change_conditions (вкл.) rows_in=7,571,484 [class: kanban.filters | def: _apply_filter_subset]
2026-09-10 15:13:33,929 - [INFO] - Фильтр 'change_conditions' (вкл.): 7571484 -> 7419357 строк [class: kanban.filters | def: _apply_filter_subset]
2026-09-10 15:13:33,929 - [DEBUG] - ← filter:change_conditions rows_out=7,419,357 removed=152,127 [class: kanban.filters | def: _apply_filter_subset]
2026-09-10 15:14:14,469 - [INFO] - Аудит [filter:change_conditions]: 7,571,484 → 7,419,357 строк (фильтр 'change_conditions' (вкл.)) [class: kanban.data_audit | def: audit_rows]
2026-09-10 15:14:15,476 - [DEBUG] - → filter:efs_flag (вкл.) rows_in=7,419,357 [class: kanban.filters | def: _apply_filter_subset]
2026-09-10 15:14:15,477 - [INFO] - Фильтр 'efs_flag' (вкл.): 7419357 -> 6153897 строк [class: kanban.filters | def: _apply_filter_subset]
2026-09-10 15:14:15,477 - [DEBUG] - ← filter:efs_flag rows_out=6,153,897 removed=1,265,460 [class: kanban.filters | def: _apply_filter_subset]
2026-09-10 15:14:53,636 - [INFO] - Аудит [filter:efs_flag]: 7,419,357 → 6,153,897 строк (фильтр 'efs_flag' (вкл.)) [class: kanban.data_audit | def: audit_rows]
2026-09-10 15:14:54,726 - [DEBUG] - ← apply_filters — 82.00 сек [rows_in=7571484, enabled_inclusion=2] [class: kanban.filters | def: procedure]
2026-09-10 15:14:54,728 - [INFO] - Применены фильтры (AND): change_conditions, efs_flag [class: kanban.filters | def: apply_filters]
2026-09-10 15:14:54,728 - [DEBUG] - apply_filters: rows_out=6,153,897, active=['change_conditions', 'efs_flag'] [class: kanban.filters | def: apply_filters]
2026-09-10 15:14:54,728 - [DEBUG] -   ← apply_filters — 82.00 сек [rows_in=7571484, filters=8] [class: kanban_excel_v2 | def: debug]
2026-09-10 15:14:54,728 - [DEBUG] - После inclusion-фильтров: rows=6,153,897 [class: kanban_excel_v2 | def: debug]
2026-09-10 15:14:54,729 - [DEBUG] -   ✓ подэтап «apply_filters» — 82.00 сек [class: kanban_excel_v2 | def: debug]
2026-09-10 15:14:54,729 - [DEBUG] -   ▸ подэтап: filter_terminal_deal_stage_rows — вход=6,153,897 [class: kanban_excel_v2 | def: debug]
2026-09-10 15:14:54,729 - [INFO] -   … filter_terminal_deal_stage_rows — вход=6,153,897 [class: kanban_excel_v2 | def: _emit]
2026-09-10 15:14:54,729 - [DEBUG] -   … filter_terminal_deal_stage_rows — вход=6,153,897 [class: kanban_excel_v2 | def: debug]
2026-09-10 15:14:54,729 - [DEBUG] -   → filter_terminal_deal_stage_rows [rows_in=6153897] [class: kanban_excel_v2 | def: debug]
2026-09-10 15:15:00,740 - [INFO] - Фильтр 'exclude_current_for_sale' (искл.): 6153897 -> 3365630 строк [class: kanban.filters | def: filter_terminal_deal_stage_rows]
2026-09-10 15:15:26,332 - [INFO] - Аудит [exclude:exclude_current_for_sale]: 6,153,897 → 3,365,630 строк (фильтр 'exclude_current_for_sale' (exclude)) [class: kanban.data_audit | def: audit_rows]
2026-09-10 15:15:29,593 - [INFO] - Фильтр 'exclude_current_otkaz' (искл.): 3365630 -> 2975464 строк [class: kanban.filters | def: filter_terminal_deal_stage_rows]
2026-09-10 15:15:47,047 - [INFO] - Аудит [exclude:exclude_current_otkaz]: 3,365,630 → 2,975,464 строк (фильтр 'exclude_current_otkaz' (exclude)) [class: kanban.data_audit | def: audit_rows]
2026-09-10 15:15:50,057 - [INFO] - Фильтр 'exclude_deal_annulirovana' (искл.): 2975464 -> 2969967 строк [class: kanban.filters | def: filter_terminal_deal_stage_rows]
2026-09-10 15:16:06,865 - [INFO] - Аудит [exclude:exclude_deal_annulirovana]: 2,975,464 → 2,969,967 строк (фильтр 'exclude_deal_annulirovana' (exclude)) [class: kanban.data_audit | def: audit_rows]
2026-09-10 15:16:12,334 - [INFO] - Фильтр 'exclude_deal_otkaz' (искл.): 2969967 -> 2959200 строк [class: kanban.filters | def: filter_terminal_deal_stage_rows]
2026-09-10 15:16:29,240 - [INFO] - Аудит [exclude:exclude_deal_otkaz]: 2,969,967 → 2,959,200 строк (фильтр 'exclude_deal_otkaz' (exclude)) [class: kanban.data_audit | def: audit_rows]
2026-09-10 15:16:32,174 - [INFO] - Фильтр 'exclude_deal_otklonen' (искл.): 2959200 -> 2959191 строк [class: kanban.filters | def: filter_terminal_deal_stage_rows]
2026-09-10 15:16:49,090 - [INFO] - Аудит [exclude:exclude_deal_otklonen]: 2,959,200 → 2,959,191 строк (фильтр 'exclude_deal_otklonen' (exclude)) [class: kanban.data_audit | def: audit_rows]
2026-09-10 15:16:52,038 - [INFO] - Фильтр 'exclude_deal_rastorgnuta' (искл.): 2959191 -> 2930645 строк [class: kanban.filters | def: filter_terminal_deal_stage_rows]
2026-09-10 15:17:08,803 - [INFO] - Аудит [exclude:exclude_deal_rastorgnuta]: 2,959,191 → 2,930,645 строк (фильтр 'exclude_deal_rastorgnuta' (exclude)) [class: kanban.data_audit | def: audit_rows]
2026-09-10 15:17:09,352 - [DEBUG] -   ← filter_terminal_deal_stage_rows — 134.62 сек [rows_in=6153897] [class: kanban_excel_v2 | def: debug]
2026-09-10 15:17:09,352 - [INFO] - Аудит [фильтрация v2 (итого)]: 7,571,484 → 2,930,645 строк (активные фильтры в config_excel_v2) [class: kanban.data_audit | def: audit_rows]
2026-09-10 15:17:09,352 - [DEBUG] -   ✓ подэтап «filter_terminal_deal_stage_rows» — 134.62 сек [class: kanban_excel_v2 | def: debug]
2026-09-10 15:17:09,352 - [INFO] - ✓ После фильтров: 2,930,645 строк (241.1 сек) [class: kanban_excel_v2 | def: _emit]
2026-09-10 15:17:09,352 - [DEBUG] - ✓ Этап «Фильтрация» завершён: После фильтров: 2,930,645 строк (241.11 сек) [class: kanban_excel_v2 | def: debug]
2026-09-10 15:17:10,243 - [INFO] - ▶ Этап: Снимок + нормативы — 2,930,645 строк; teams=да [class: kanban_excel_v2 | def: _emit]
2026-09-10 15:17:10,243 - [DEBUG] - ▶ Старт этапа «Снимок + нормативы» (2,930,645 строк; teams=да) [class: kanban_excel_v2 | def: debug]
2026-09-10 15:17:10,243 - [DEBUG] -   ▸ подэтап: snapshot + records + team_files [class: kanban_excel_v2 | def: debug]
2026-09-10 15:17:10,243 - [INFO] -   … snapshot + records + team_files [class: kanban_excel_v2 | def: _emit]
2026-09-10 15:17:10,243 - [DEBUG] -   … snapshot + records + team_files [class: kanban_excel_v2 | def: debug]
2026-09-10 15:17:10,243 - [DEBUG] -   → run_snapshot_records_teams_parallel [rows_in=2930645, load_teams=True] [class: kanban_excel_v2 | def: debug]
2026-09-10 15:17:10,243 - [DEBUG] -   · snapshot/records/teams start (rows_in=2930645, parallel_io=False, load_teams=True, workers=2) [class: kanban.excel_v2.parallel | def: debug_event]
2026-09-10 15:17:10,243 - [DEBUG] - → build_lead_snapshot [rows_in=2930645] [class: kanban.excel_v2.parallel | def: procedure]
2026-09-10 17:33:22,635 - [INFO] - Снимок лидов: 742,665 уникальных ID [class: kanban.excel_v2.snapshot | def: build_lead_snapshot]
2026-09-10 17:33:23,846 - [DEBUG] - ← build_lead_snapshot — 8173.58 сек [rows_in=2930645] [class: kanban.excel_v2.parallel | def: procedure]
2026-09-10 17:33:23,846 - [DEBUG] - → build_lead_stage_records [rows_in=2930645] [class: kanban.excel_v2.parallel | def: procedure]
2026-09-10 17:33:43,453 - [WARNING] - Аудит [сроки]: 628/816,405 записей без «days_on_stage» — сохранены в анализе (метрики могут быть пустыми) [class: kanban.data_audit | def: log_missing_metrics]
2026-09-10 17:33:44,801 - [INFO] - Аудит [лиды]: все 742,665 уникальных ID ПрПр учтены в lead_stage_records [class: kanban.data_audit | def: audit_lead_coverage]
2026-09-10 17:33:44,869 - [INFO] - Записей lead_stage_records: 816405 (все группы лид×стадия) [class: kanban.lead_tracker | def: build_lead_stage_records]
2026-09-10 17:33:45,033 - [DEBUG] - ← build_lead_stage_records — 21.19 сек [rows_in=2930645] [class: kanban.excel_v2.parallel | def: procedure]
2026-09-10 17:33:45,033 - [DEBUG] - → load_team_frames [class: kanban.excel_v2.parallel | def: procedure]
2026-09-10 17:33:45,033 - [DEBUG] - → load_team_frames.unified [files=14, mode=prod] [class: kanban.team_loader | def: procedure]
2026-09-10 17:50:26,832 - [INFO] - Команда (Канбан Лидер_Нет команда лида и сделки (31-08-2026) __10-09-2026.xlsx): keep_leaders_only 643,881 → 0 строк (−643,881 не-лидеров) [class: kanban.team_loader | def: _filter_team_frame_leaders_only]
2026-09-10 17:50:26,943 - [INFO] - Команда лида и сделки: Канбан Лидер_Нет команда лида и сделки (31-08-2026) __10-09-2026.xlsx — 0 строк [class: kanban.team_loader | def: _load_team_file_list]
2026-09-10 17:50:33,416 - [INFO] - Команда (Канбан Лидер_Нет команда лида и сделки (09-09-2026) __10-09-2026.xlsx): keep_leaders_only 639,508 → 0 строк (−639,508 не-лидеров) [class: kanban.team_loader | def: _filter_team_frame_leaders_only]
2026-09-10 17:50:33,524 - [INFO] - Команда лида и сделки: Канбан Лидер_Нет команда лида и сделки (09-09-2026) __10-09-2026.xlsx — 0 строк [class: kanban.team_loader | def: _load_team_file_list]
2026-09-10 17:50:43,234 - [INFO] - Команда (Канбан Лидер_Нет команда лида и сделки (31-07-2026) __10-09-2026.xlsx): keep_leaders_only 644,884 → 0 строк (−644,884 не-лидеров) [class: kanban.team_loader | def: _filter_team_frame_leaders_only]
2026-09-10 17:50:43,347 - [INFO] - Команда лида и сделки: Канбан Лидер_Нет команда лида и сделки (31-07-2026) __10-09-2026.xlsx — 0 строк [class: kanban.team_loader | def: _load_team_file_list]
2026-09-10 17:50:54,129 - [INFO] - Команда (Канбан Лидер_Нет команда лида и сделки (04-09-2026) __10-09-2026.xlsx): keep_leaders_only 644,488 → 0 строк (−644,488 не-лидеров) [class: kanban.team_loader | def: _filter_team_frame_leaders_only]
2026-09-10 17:50:54,226 - [INFO] - Команда лида и сделки: Канбан Лидер_Нет команда лида и сделки (04-09-2026) __10-09-2026.xlsx — 0 строк [class: kanban.team_loader | def: _load_team_file_list]
2026-09-10 17:51:13,600 - [INFO] - Команда (Канбан Лидер_Нет команда лида и сделки (28-08-2026) __10-09-2026.xlsx): keep_leaders_only 667,520 → 0 строк (−667,520 не-лидеров) [class: kanban.team_loader | def: _filter_team_frame_leaders_only]
2026-09-10 17:51:13,694 - [INFO] - Команда лида и сделки: Канбан Лидер_Нет команда лида и сделки (28-08-2026) __10-09-2026.xlsx — 0 строк [class: kanban.team_loader | def: _load_team_file_list]
2026-09-10 17:51:22,310 - [INFO] - Команда (Канбан Лидер_Нет команда лида и сделки (21-08-2026) __10-09-2026.xlsx): keep_leaders_only 667,605 → 0 строк (−667,605 не-лидеров) [class: kanban.team_loader | def: _filter_team_frame_leaders_only]
2026-09-10 17:51:22,380 - [INFO] - Команда лида и сделки: Канбан Лидер_Нет команда лида и сделки (21-08-2026) __10-09-2026.xlsx — 0 строк [class: kanban.team_loader | def: _load_team_file_list]
2026-09-10 17:51:36,434 - [INFO] - Команда (Канбан Лидер_Нет команда лида и сделки (14-08-2026) __10-09-2026.xlsx): keep_leaders_only 668,757 → 0 строк (−668,757 не-лидеров) [class: kanban.team_loader | def: _filter_team_frame_leaders_only]
2026-09-10 17:51:36,557 - [INFO] - Команда лида и сделки: Канбан Лидер_Нет команда лида и сделки (14-08-2026) __10-09-2026.xlsx — 0 строк [class: kanban.team_loader | def: _load_team_file_list]
2026-09-10 18:08:01,934 - [INFO] - Команда лида и сделки: Канбан Лидер_Да команда лида и сделки (09-09-2026) __10-09-2026.xlsx — 694,348 строк [class: kanban.team_loader | def: _load_team_file_list]
2026-09-10 18:08:12,635 - [INFO] - Команда лида и сделки: Канбан Лидер_Да команда лида и сделки (31-08-2026) __10-09-2026.xlsx — 690,395 строк [class: kanban.team_loader | def: _load_team_file_list]
2026-09-10 18:08:31,218 - [INFO] - Команда лида и сделки: Канбан Лидер_Да команда лида и сделки (04-09-2026) __10-09-2026.xlsx — 695,628 строк [class: kanban.team_loader | def: _load_team_file_list]
2026-09-10 18:08:49,108 - [INFO] - Команда лида и сделки: Канбан Лидер_Да команда лида и сделки (31-07-2026) __10-09-2026.xlsx — 676,809 строк [class: kanban.team_loader | def: _load_team_file_list]
2026-09-10 18:08:59,622 - [INFO] - Команда лида и сделки: Канбан Лидер_Да команда лида и сделки (21-08-2026) __10-09-2026.xlsx — 713,421 строк [class: kanban.team_loader | def: _load_team_file_list]
2026-09-10 18:09:10,151 - [INFO] - Команда лида и сделки: Канбан Лидер_Да команда лида и сделки (14-08-2026) __10-09-2026.xlsx — 713,814 строк [class: kanban.team_loader | def: _load_team_file_list]
2026-09-10 18:09:10,709 - [INFO] - Команда лида и сделки: Канбан Лидер_Да команда лида и сделки (28-08-2026) __10-09-2026.xlsx — 719,882 строк [class: kanban.team_loader | def: _load_team_file_list]
2026-09-10 18:09:18,597 - [INFO] - Команда лида и сделки: загружено 14 файлов, всего 4,904,297 строк [class: kanban.team_loader | def: _load_team_file_list]
2026-09-10 18:09:22,864 - [INFO] - Команда (объединённая): распределение «Тип команды» (норм.): {'1': 3114223, '2': 1790074} [class: kanban.team_loader | def: split_team_frames_by_type]
2026-09-10 18:09:27,603 - [INFO] - Команда (объединённая): тип=1 (лид) 3,114,223 строк, тип=2 (сделка) 1,790,074 строк [class: kanban.team_loader | def: split_team_frames_by_type]
2026-09-10 18:09:28,551 - [DEBUG] - ← load_team_frames.unified — 2143.52 сек [files=14, mode=prod] [class: kanban.team_loader | def: procedure]
2026-09-10 18:09:28,786 - [DEBUG] - ← load_team_frames — 2143.75 сек [class: kanban.excel_v2.parallel | def: procedure]
2026-09-10 18:09:28,786 - [DEBUG] -   · snapshot/records/teams done (snapshot=742665, records=816405, lead_team=3114223, deal_team=1790074) [class: kanban.excel_v2.parallel | def: debug_event]
2026-09-10 18:09:28,795 - [DEBUG] -   ← run_snapshot_records_teams_parallel — 10338.51 сек [rows_in=2930645, load_teams=True] [class: kanban_excel_v2 | def: debug]
2026-09-10 18:09:28,795 - [INFO] -   … Команда: лид=3,114,223 строк, сделка=1,790,074 строк [class: kanban_excel_v2 | def: _emit]
2026-09-10 18:09:28,795 - [DEBUG] -   … Команда: лид=3,114,223 строк, сделка=1,790,074 строк [class: kanban_excel_v2 | def: debug]
2026-09-10 18:09:28,795 - [DEBUG] - Кадры после параллели: snapshot=742,665, records=816,405, lead_team=3,114,223, deal_team=1,790,074 [class: kanban_excel_v2 | def: debug]
2026-09-10 18:09:28,795 - [DEBUG] -   ✓ подэтап «snapshot + records + team_files» — 10338.51 сек [class: kanban_excel_v2 | def: debug]
2026-09-10 18:09:28,795 - [DEBUG] -   ▸ подэтап: enrich_snapshot_with_team_dfs [class: kanban_excel_v2 | def: debug]
2026-09-10 18:09:28,796 - [INFO] -   … enrich_snapshot_with_team_dfs [class: kanban_excel_v2 | def: _emit]
2026-09-10 18:09:28,796 - [DEBUG] -   … enrich_snapshot_with_team_dfs [class: kanban_excel_v2 | def: debug]
2026-09-10 18:09:28,796 - [DEBUG] -   → enrich_snapshot_with_team_dfs [snapshot_rows=742665, lead_rows=3114223, deal_rows=1790074] [class: kanban_excel_v2 | def: debug]
2026-09-10 18:09:38,612 - [INFO] - Команда (lead): дедупликация (_id, ФИО): 681354 → 643463 строк [class: kanban.excel_v2.team_enrich | def: build_leaders_lookup_df]
2026-09-10 18:10:22,090 - [INFO] - Lookup лидеров (lead): 643,463 ключей [class: kanban.excel_v2.team_enrich | def: build_leaders_lookup_df]
2026-09-10 18:10:27,932 - [INFO] - Команда (deal): отбор по дате добавления в команду: 370008 → 370005 строк [class: kanban.team_loader | def: pick_leaders_on_latest_dates]
2026-09-10 18:10:28,802 - [INFO] - Команда (deal): дедупликация (_id, ФИО): 370005 → 344408 строк [class: kanban.excel_v2.team_enrich | def: build_leaders_lookup_df]
2026-09-10 18:10:52,697 - [INFO] - Lookup лидеров (deal): 344,408 ключей [class: kanban.excel_v2.team_enrich | def: build_leaders_lookup_df]
2026-09-10 18:10:56,214 - [INFO] - Подливка лидера лида: совпало 395,301 из 742,665 строк снимка (lookup 643,463 ключей) [class: kanban.excel_v2.team_enrich | def: enrich_snapshot_with_team_dfs]
2026-09-10 18:10:57,296 - [INFO] - Подливка лидера сделки: совпало 233,474 из 742,665 строк снимка (lookup 344,408 ключей) [class: kanban.excel_v2.team_enrich | def: enrich_snapshot_with_team_dfs]
2026-09-10 18:10:57,492 - [DEBUG] -   ← enrich_snapshot_with_team_dfs — 88.70 сек [snapshot_rows=742665, lead_rows=3114223, deal_rows=1790074] [class: kanban_excel_v2 | def: debug]
2026-09-10 18:10:57,492 - [DEBUG] -   ✓ подэтап «enrich_snapshot_with_team_dfs» — 88.70 сек [class: kanban_excel_v2 | def: debug]
2026-09-10 18:10:57,492 - [DEBUG] -   ▸ подэтап: manager_emails [class: kanban_excel_v2 | def: debug]
2026-09-10 18:10:57,492 - [INFO] -   … manager_emails [class: kanban_excel_v2 | def: _emit]
2026-09-10 18:10:57,493 - [DEBUG] -   … manager_emails [class: kanban_excel_v2 | def: debug]
2026-09-10 18:10:57,493 - [DEBUG] -   → load_manager_email_lookup [class: kanban_excel_v2 | def: debug]
2026-09-10 18:10:57,665 - [INFO] - Справочник почт: 11,350 записей TN из PROM_ALPHA_gamification-statistics.csv [class: kanban.manager_emails | def: load_manager_email_lookup]
2026-09-10 18:10:57,667 - [DEBUG] -   ← load_manager_email_lookup — 0.17 сек [class: kanban_excel_v2 | def: debug]
2026-09-10 18:10:57,667 - [DEBUG] -   → enrich_snapshot_with_manager_emails [snapshot_rows=742665] [class: kanban_excel_v2 | def: debug]
2026-09-10 18:11:02,186 - [INFO] - Почты лидеров: заполнено ячеек Альфа (лид+сделка) ≈ 269,395 [class: kanban.manager_emails | def: enrich_snapshot_with_manager_emails]
2026-09-10 18:11:02,267 - [DEBUG] -   ← enrich_snapshot_with_manager_emails — 4.59 сек [snapshot_rows=742665] [class: kanban_excel_v2 | def: debug]
2026-09-10 18:11:02,267 - [DEBUG] -   → audit_snapshot_coverage [class: kanban_excel_v2 | def: debug]
2026-09-10 18:11:03,970 - [INFO] - Аудит [снимок]: все 742,665 уникальных ID ПрПр после фильтров в листе уникальных ID [class: kanban.data_audit | def: audit_snapshot_coverage]
2026-09-10 18:11:04,686 - [DEBUG] -   ← audit_snapshot_coverage — 2.42 сек [class: kanban_excel_v2 | def: debug]
2026-09-10 18:11:04,686 - [DEBUG] -   ✓ подэтап «manager_emails» — 7.19 сек [class: kanban_excel_v2 | def: debug]
2026-09-10 18:11:04,686 - [INFO] - ✓ Уникальных ID: 742,665, записей стадий: 816,405 (10434.4 сек) [class: kanban_excel_v2 | def: _emit]
2026-09-10 18:11:04,686 - [DEBUG] - ✓ Этап «Снимок + нормативы» завершён: Уникальных ID: 742,665, записей стадий: 816,405 (10434.41 сек) [class: kanban_excel_v2 | def: debug]
2026-09-10 18:11:04,687 - [INFO] - ▶ Этап: Исходные строки (source) — 7,571,484 строк [class: kanban_excel_v2 | def: _emit]
2026-09-10 18:11:04,687 - [DEBUG] - ▶ Старт этапа «Исходные строки (source)» (7,571,484 строк) [class: kanban_excel_v2 | def: debug]
2026-09-10 18:11:04,687 - [DEBUG] -   → build_source_export_frame [rows_in=7571484] [class: kanban_excel_v2 | def: debug]
2026-09-10 18:11:08,595 - [DEBUG] - → filter:efs_equals_1 (вкл.) rows_in=7,571,484 [class: kanban.filters | def: _apply_filter_subset]
2026-09-10 18:11:08,595 - [INFO] - Фильтр 'efs_equals_1' (вкл.): 7571484 -> 6305555 строк [class: kanban.filters | def: _apply_filter_subset]
2026-09-10 18:11:08,595 - [DEBUG] - ← filter:efs_equals_1 rows_out=6,305,555 removed=1,265,929 [class: kanban.filters | def: _apply_filter_subset]
2026-09-10 18:11:08,595 - [INFO] - Аудит [filter:efs_equals_1]: 7,571,484 → 6,305,555 строк (фильтр 'efs_equals_1' (вкл.)) [class: kanban.data_audit | def: audit_rows]
2026-09-10 18:11:16,399 - [DEBUG] - → filter:cng_equals_0 (искл.) rows_in=6,305,555 [class: kanban.filters | def: _apply_filter_subset]
2026-09-10 18:11:16,399 - [INFO] - Фильтр 'cng_equals_0' (искл.): 6305555 -> 6153897 строк [class: kanban.filters | def: _apply_filter_subset]
2026-09-10 18:11:16,399 - [DEBUG] - ← filter:cng_equals_0 rows_out=6,153,897 removed=151,658 [class: kanban.filters | def: _apply_filter_subset]
2026-09-10 18:11:16,399 - [INFO] - Аудит [filter:cng_equals_0]: 6,305,555 → 6,153,897 строк (фильтр 'cng_equals_0' (искл.)) [class: kanban.data_audit | def: audit_rows]
2026-09-10 18:11:24,481 - [DEBUG] - → filter:max_report_date (вкл.) rows_in=6,153,897 [class: kanban.filters | def: _apply_filter_subset]
2026-09-10 18:11:24,481 - [INFO] - Фильтр 'max_report_date' (вкл.): 6153897 -> 854479 строк [class: kanban.filters | def: _apply_filter_subset]
2026-09-10 18:11:24,481 - [DEBUG] - ← filter:max_report_date rows_out=854,479 removed=5,299,418 [class: kanban.filters | def: _apply_filter_subset]
2026-09-10 18:11:24,481 - [INFO] - Аудит [filter:max_report_date]: 6,153,897 → 854,479 строк (фильтр 'max_report_date' (вкл.)) [class: kanban.data_audit | def: audit_rows]
2026-09-10 18:11:25,768 - [DEBUG] - → filter:status_prpr_otkaz (искл.) rows_in=854,479 [class: kanban.filters | def: _apply_filter_subset]
2026-09-10 18:11:25,769 - [INFO] - Фильтр 'status_prpr_otkaz' (искл.): 854479 -> 806379 строк [class: kanban.filters | def: _apply_filter_subset]
2026-09-10 18:11:25,769 - [DEBUG] - ← filter:status_prpr_otkaz rows_out=806,379 removed=48,100 [class: kanban.filters | def: _apply_filter_subset]
2026-09-10 18:11:25,769 - [INFO] - Аудит [filter:status_prpr_otkaz]: 854,479 → 806,379 строк (фильтр 'status_prpr_otkaz' (искл.)) [class: kanban.data_audit | def: audit_rows]
2026-09-10 18:11:27,109 - [DEBUG] - → filter:stage_deal_otkaz (искл.) rows_in=806,379 [class: kanban.filters | def: _apply_filter_subset]
2026-09-10 18:11:27,109 - [INFO] - Фильтр 'stage_deal_otkaz' (искл.): 806379 -> 799859 строк [class: kanban.filters | def: _apply_filter_subset]
2026-09-10 18:11:27,109 - [DEBUG] - ← filter:stage_deal_otkaz rows_out=799,859 removed=6,520 [class: kanban.filters | def: _apply_filter_subset]
2026-09-10 18:11:27,109 - [INFO] - Аудит [filter:stage_deal_otkaz]: 806,379 → 799,859 строк (фильтр 'stage_deal_otkaz' (искл.)) [class: kanban.data_audit | def: audit_rows]
2026-09-10 18:11:27,795 - [DEBUG] - → filter:label_strategy_kvartal (вкл.) rows_in=799,859 [class: kanban.filters | def: _apply_filter_subset]
2026-09-10 18:11:27,795 - [INFO] - Фильтр 'label_strategy_kvartal' (вкл.): 799859 -> 109605 строк [class: kanban.filters | def: _apply_filter_subset]
2026-09-10 18:11:27,796 - [DEBUG] - ← filter:label_strategy_kvartal rows_out=109,605 removed=690,254 [class: kanban.filters | def: _apply_filter_subset]
2026-09-10 18:11:27,796 - [INFO] - Аудит [filter:label_strategy_kvartal]: 799,859 → 109,605 строк (фильтр 'label_strategy_kvartal' (вкл.)) [class: kanban.data_audit | def: audit_rows]
2026-09-10 18:11:28,013 - [DEBUG] - → filter:label_kvartal_2_or_3 (вкл.) rows_in=109,605 [class: kanban.filters | def: _apply_filter_subset]
2026-09-10 18:11:28,013 - [INFO] - Фильтр 'label_kvartal_2_or_3' (вкл.): 109605 -> 109605 строк [class: kanban.filters | def: _apply_filter_subset]
2026-09-10 18:11:28,014 - [DEBUG] - ← filter:label_kvartal_2_or_3 rows_out=109,605 removed=0 [class: kanban.filters | def: _apply_filter_subset]
2026-09-10 18:11:28,014 - [INFO] - Аудит [filter:label_kvartal_2_or_3]: 109,605 строк (без изменений) [class: kanban.data_audit | def: audit_rows]
2026-09-10 18:11:28,051 - [INFO] - Source export: фильтры по порядку ['efs_equals_1', 'cng_equals_0', 'max_report_date', 'status_prpr_otkaz', 'stage_deal_otkaz', 'label_strategy_kvartal', 'label_kvartal_2_or_3'] — 7,571,484 → 109,605 строк [class: kanban.excel_v2.source_export | def: build_source_export_frame]
2026-09-10 18:11:39,316 - [INFO] - Команда (lead): дедупликация (_id, ФИО): 681354 → 643463 строк [class: kanban.excel_v2.team_enrich | def: build_leaders_lookup_df]
2026-09-10 18:12:21,759 - [INFO] - Lookup лидеров (lead): 643,463 ключей [class: kanban.excel_v2.team_enrich | def: build_leaders_lookup_df]
2026-09-10 18:12:26,818 - [INFO] - Команда (deal): отбор по дате добавления в команду: 370008 → 370005 строк [class: kanban.team_loader | def: pick_leaders_on_latest_dates]
2026-09-10 18:12:27,736 - [INFO] - Команда (deal): дедупликация (_id, ФИО): 370005 → 344408 строк [class: kanban.excel_v2.team_enrich | def: build_leaders_lookup_df]
2026-09-10 18:12:50,039 - [INFO] - Lookup лидеров (deal): 344,408 ключей [class: kanban.excel_v2.team_enrich | def: build_leaders_lookup_df]
2026-09-10 18:12:50,547 - [INFO] - Подливка лидера лида: совпало 13,489 из 109,605 строк снимка (lookup 643,463 ключей) [class: kanban.excel_v2.team_enrich | def: enrich_snapshot_with_team_dfs]
2026-09-10 18:12:50,763 - [INFO] - Подливка лидера сделки: совпало 1,273 из 109,605 строк снимка (lookup 344,408 ключей) [class: kanban.excel_v2.team_enrich | def: enrich_snapshot_with_team_dfs]
2026-09-10 18:12:51,174 - [INFO] - Почты лидеров: заполнено ячеек Альфа (лид+сделка) ≈ 12,353 [class: kanban.manager_emails | def: enrich_snapshot_with_manager_emails]
2026-09-10 18:12:51,256 - [DEBUG] -   ← build_source_export_frame — 106.58 сек [rows_in=7571484] [class: kanban_excel_v2 | def: debug]
2026-09-10 18:12:51,257 - [INFO] - ✓ Source export: 109,605 строк (106.6 сек) [class: kanban_excel_v2 | def: _emit]
2026-09-10 18:12:51,257 - [DEBUG] - ✓ Этап «Исходные строки (source)» завершён: Source export: 109,605 строк (106.58 сек) [class: kanban_excel_v2 | def: debug]
2026-09-10 18:12:57,655 - [INFO] - ▶ Этап: Нормативы перцентилей [class: kanban_excel_v2 | def: _emit]
2026-09-10 18:12:57,655 - [DEBUG] - ▶ Старт этапа «Нормативы перцентилей» [class: kanban_excel_v2 | def: debug]
2026-09-10 18:12:57,655 - [DEBUG] -   ▸ подэтап: build_norms_tables — records=816,405 [class: kanban_excel_v2 | def: debug]
2026-09-10 18:12:57,655 - [INFO] -   … build_norms_tables — records=816,405 [class: kanban_excel_v2 | def: _emit]
2026-09-10 18:12:57,655 - [DEBUG] -   … build_norms_tables — records=816,405 [class: kanban_excel_v2 | def: debug]
2026-09-10 18:12:57,655 - [DEBUG] -   → build_norms_tables [records=816405] [class: kanban_excel_v2 | def: debug]
2026-09-10 18:12:57,655 - [DEBUG] - → build_norms_tables [records=816405] [class: kanban.excel_v2.norms | def: procedure]
2026-09-10 18:13:11,130 - [INFO] - Агрегировано групп: 5536 (include_tb=True) [class: kanban.aggregator | def: aggregate_statistics]
2026-09-10 18:13:14,132 - [INFO] - Агрегировано групп: 827 (include_tb=False) [class: kanban.aggregator | def: aggregate_statistics]
2026-09-10 18:13:14,198 - [DEBUG] - ← build_norms_tables — 16.55 сек [records=816405] [class: kanban.excel_v2.norms | def: procedure]
2026-09-10 18:13:14,198 - [INFO] - Нормативы: by_tb=5536 строк, overall=827, combined=6363 [class: kanban.excel_v2.norms | def: build_norms_tables]
2026-09-10 18:13:14,198 - [DEBUG] -   ← build_norms_tables — 16.55 сек [records=816405] [class: kanban_excel_v2 | def: debug]
2026-09-10 18:13:14,199 - [DEBUG] -   → merge_filter_audit_into_norms [norms=6363] [class: kanban_excel_v2 | def: debug]
2026-09-10 18:13:14,321 - [DEBUG] -   ← merge_filter_audit_into_norms — 0.12 сек [norms=6363] [class: kanban_excel_v2 | def: debug]
2026-09-10 18:13:14,321 - [DEBUG] -   ✓ подэтап «build_norms_tables» — 16.67 сек [class: kanban_excel_v2 | def: debug]
2026-09-10 18:13:14,321 - [DEBUG] -   ▸ подэтап: build_p80_lookup + exceedance [class: kanban_excel_v2 | def: debug]
2026-09-10 18:13:14,321 - [INFO] -   … build_p80_lookup + exceedance [class: kanban_excel_v2 | def: _emit]
2026-09-10 18:13:14,321 - [DEBUG] -   … build_p80_lookup + exceedance [class: kanban_excel_v2 | def: debug]
2026-09-10 18:13:14,321 - [DEBUG] -   → build_p80_lookup_frames [class: kanban_excel_v2 | def: debug]
2026-09-10 18:13:14,323 - [DEBUG] -   ← build_p80_lookup_frames — 0.00 сек [class: kanban_excel_v2 | def: debug]
2026-09-10 18:13:14,324 - [DEBUG] -   → attach_p80_exceedance [snapshot_rows=742665] [class: kanban_excel_v2 | def: debug]
2026-09-10 18:13:16,190 - [INFO] - Превышения P80: 166,755 из 742,665 лидов [class: kanban.excel_v2.exceedance | def: attach_p80_exceedance]
2026-09-10 18:13:16,291 - [DEBUG] -   ← attach_p80_exceedance — 1.97 сек [snapshot_rows=742665] [class: kanban_excel_v2 | def: debug]
2026-09-10 18:13:16,291 - [DEBUG] -   ✓ подэтап «build_p80_lookup + exceedance» — 1.97 сек [class: kanban_excel_v2 | def: debug]
2026-09-10 18:13:16,291 - [DEBUG] -   ▸ подэтап: attach_status_duration_columns [class: kanban_excel_v2 | def: debug]
2026-09-10 18:13:16,291 - [INFO] -   … attach_status_duration_columns [class: kanban_excel_v2 | def: _emit]
2026-09-10 18:13:16,291 - [DEBUG] -   … attach_status_duration_columns [class: kanban_excel_v2 | def: debug]
2026-09-10 18:13:16,291 - [DEBUG] -   → attach_status_duration_columns [snapshot_rows=742665] [class: kanban_excel_v2 | def: debug]
2026-09-10 18:13:21,948 - [INFO] - Сроки по статусам: 742,070 лидов, колонок статусов=7 [class: kanban.excel_v2.status_durations | def: build_status_duration_pivot]
2026-09-10 18:13:24,689 - [DEBUG] -   ← attach_status_duration_columns — 8.39 сек [snapshot_rows=742665] [class: kanban_excel_v2 | def: debug]
2026-09-10 18:13:24,690 - [DEBUG] - Колонки сроков по статусам: 7 [class: kanban_excel_v2 | def: debug]
2026-09-10 18:13:24,690 - [DEBUG] -   ✓ подэтап «attach_status_duration_columns» — 8.41 сек [class: kanban_excel_v2 | def: debug]
2026-09-10 18:13:24,690 - [INFO] - ✓ Нормативных групп: 6,363 (27.0 сек) [class: kanban_excel_v2 | def: _emit]
2026-09-10 18:13:24,690 - [DEBUG] - ✓ Этап «Нормативы перцентилей» завершён: Нормативных групп: 6,363 (27.05 сек) [class: kanban_excel_v2 | def: debug]
2026-09-10 18:13:24,866 - [INFO] - ▶ Этап: Своды по менеджерам [class: kanban_excel_v2 | def: _emit]
2026-09-10 18:13:24,866 - [DEBUG] - ▶ Старт этапа «Своды по менеджерам» [class: kanban_excel_v2 | def: debug]
2026-09-10 18:13:24,866 - [DEBUG] -   ▸ подэтап: build_manager_reports — snapshot=742,665 [class: kanban_excel_v2 | def: debug]
2026-09-10 18:13:24,866 - [INFO] -   … build_manager_reports — snapshot=742,665 [class: kanban_excel_v2 | def: _emit]
2026-09-10 18:13:24,866 - [DEBUG] -   … build_manager_reports — snapshot=742,665 [class: kanban_excel_v2 | def: debug]
2026-09-10 18:13:24,866 - [DEBUG] -   → build_manager_reports [snapshot_rows=742665] [class: kanban_excel_v2 | def: debug]
2026-09-10 18:13:24,866 - [DEBUG] - → build_manager_reports [snapshot_rows=742665] [class: kanban.excel_v2.manager_summary | def: procedure]
2026-09-10 18:14:29,557 - [DEBUG] - manager_entries: count=1,258,529 [class: kanban.excel_v2.manager_summary | def: build_manager_reports]
2026-09-10 18:14:30,149 - [INFO] - Свод по менеджеру: 7,950 уникальных записей [class: kanban.excel_v2.manager_summary | def: _manager_summary_from_entries]
2026-09-10 18:14:44,991 - [INFO] - Свод ПрПр с отклонениями: 259,384 строк [class: kanban.excel_v2.manager_summary | def: _violations_detail_from_entries]
2026-09-10 18:14:45,245 - [DEBUG] - ← build_manager_reports — 80.38 сек [snapshot_rows=742665] [class: kanban.excel_v2.manager_summary | def: procedure]
2026-09-10 18:14:46,131 - [DEBUG] -   ← build_manager_reports — 81.27 сек [snapshot_rows=742665] [class: kanban_excel_v2 | def: debug]
2026-09-10 18:14:46,131 - [DEBUG] -   → attach_emails_managers_violations [class: kanban_excel_v2 | def: debug]
2026-09-10 18:14:46,880 - [DEBUG] -   ← attach_emails_managers_violations — 0.75 сек [class: kanban_excel_v2 | def: debug]
2026-09-10 18:14:46,880 - [DEBUG] -   ✓ подэтап «build_manager_reports» — 82.02 сек [class: kanban_excel_v2 | def: debug]
2026-09-10 18:14:46,880 - [INFO] - ✓ Менеджеров: 7,950, нарушений: 259,384 (82.0 сек) [class: kanban_excel_v2 | def: _emit]
2026-09-10 18:14:46,881 - [DEBUG] - ✓ Этап «Своды по менеджерам» завершён: Менеджеров: 7,950, нарушений: 259,384 (82.02 сек) [class: kanban_excel_v2 | def: debug]
2026-09-10 18:14:46,881 - [DEBUG] -   ▸ подэтап: snapshot_to_export_frame [class: kanban_excel_v2 | def: debug]
2026-09-10 18:14:46,881 - [INFO] -   … snapshot_to_export_frame [class: kanban_excel_v2 | def: _emit]
2026-09-10 18:14:46,881 - [DEBUG] -   … snapshot_to_export_frame [class: kanban_excel_v2 | def: debug]
2026-09-10 18:14:46,881 - [DEBUG] -   → snapshot_to_export_frame [rows=742665] [class: kanban_excel_v2 | def: debug]
2026-09-10 18:14:47,617 - [DEBUG] -   ← snapshot_to_export_frame — 0.73 сек [rows=742665] [class: kanban_excel_v2 | def: debug]
2026-09-10 18:14:47,618 - [DEBUG] -   ✓ подэтап «snapshot_to_export_frame» — 0.73 сек [class: kanban_excel_v2 | def: debug]
2026-09-10 18:14:47,618 - [DEBUG] -   ▸ подэтап: подготовка analytics к экспорту [class: kanban_excel_v2 | def: debug]
2026-09-10 18:14:47,618 - [INFO] -   … подготовка analytics к экспорту [class: kanban_excel_v2 | def: _emit]
2026-09-10 18:14:47,618 - [DEBUG] -   … подготовка analytics к экспорту [class: kanban_excel_v2 | def: debug]
2026-09-10 18:14:47,618 - [DEBUG] -   → filter_and_order_statistics_frame [norms=6363] [class: kanban_excel_v2 | def: debug]
2026-09-10 18:14:47,621 - [DEBUG] -   ← filter_and_order_statistics_frame — 0.00 сек [norms=6363] [class: kanban_excel_v2 | def: debug]
2026-09-10 18:14:47,621 - [DEBUG] -   → norms_to_export_frame [class: kanban_excel_v2 | def: debug]
2026-09-10 18:14:47,624 - [DEBUG] -   ← norms_to_export_frame — 0.00 сек [class: kanban_excel_v2 | def: debug]
2026-09-10 18:14:47,624 - [DEBUG] -   → build_filter_funnel_frame [steps=9] [class: kanban_excel_v2 | def: debug]
2026-09-10 18:14:47,625 - [DEBUG] -   ← build_filter_funnel_frame — 0.00 сек [steps=9] [class: kanban_excel_v2 | def: debug]
2026-09-10 18:14:47,625 - [DEBUG] -   → build_outlier_audit_summary [class: kanban_excel_v2 | def: debug]
2026-09-10 18:14:47,628 - [DEBUG] -   ← build_outlier_audit_summary — 0.00 сек [class: kanban_excel_v2 | def: debug]
2026-09-10 18:14:47,628 - [DEBUG] -   ✓ подэтап «подготовка analytics к экспорту» — 0.02 сек [class: kanban_excel_v2 | def: debug]
2026-09-10 18:14:47,628 - [DEBUG] -   ▸ подэтап: build_duration_matrix [class: kanban_excel_v2 | def: debug]
2026-09-10 18:14:47,628 - [INFO] -   … build_duration_matrix [class: kanban_excel_v2 | def: _emit]
2026-09-10 18:14:47,628 - [DEBUG] -   … build_duration_matrix [class: kanban_excel_v2 | def: debug]
2026-09-10 18:14:47,628 - [DEBUG] -   → build_duration_matrix [snapshot_rows=742665] [class: kanban_excel_v2 | def: debug]
2026-09-10 18:14:48,795 - [INFO] - Матрица сроков [duration_matrix]: mode=by_volume, status=False, 244 строк, дни 1…1568 (888 колонок), процентили=['p20', 'p50', 'p80'], порог P80, всего лидов 742063 [class: kanban.excel_v2.duration_matrix | def: build_all_duration_matrices]
2026-09-10 18:14:48,795 - [INFO] - Матрица сроков [duration_matrix_by_group]: mode=group_alpha_product_volume, status=False, 244 строк, дни 1…1568 (888 колонок), процентили=['p20', 'p50', 'p80'], порог P80, всего лидов 742063 [class: kanban.excel_v2.duration_matrix | def: build_all_duration_matrices]
2026-09-10 18:14:52,997 - [INFO] - Матрица сроков [duration_matrix_by_status]: mode=by_volume, status=True, 815 строк, дни 1…1568 (887 колонок), процентили=['p20', 'p50', 'p80'], порог P80, всего лидов 742018 [class: kanban.excel_v2.duration_matrix | def: build_all_duration_matrices]
2026-09-10 18:14:53,000 - [INFO] - Матрица сроков [duration_matrix_by_group_status]: mode=group_alpha_product_volume, status=True, 815 строк, дни 1…1568 (887 колонок), процентили=['p20', 'p50', 'p80'], порог P80, всего лидов 742018 [class: kanban.excel_v2.duration_matrix | def: build_all_duration_matrices]
2026-09-10 18:14:53,000 - [DEBUG] -   ← build_duration_matrix — 5.36 сек [snapshot_rows=742665] [class: kanban_excel_v2 | def: debug]
2026-09-10 18:14:53,000 - [DEBUG] - Матрица сроков: sheets=4, rows=815 [class: kanban_excel_v2 | def: debug]
2026-09-10 18:14:54,133 - [DEBUG] -   ✓ подэтап «build_duration_matrix» — 6.50 сек [class: kanban_excel_v2 | def: debug]
2026-09-10 18:14:54,133 - [INFO] - ▶ Этап: Экспорт analytics — kanban_excel_v2_analytics_20260910_143027.xlsx [class: kanban_excel_v2 | def: _emit]
2026-09-10 18:14:54,133 - [DEBUG] - ▶ Старт этапа «Экспорт analytics» (kanban_excel_v2_analytics_20260910_143027.xlsx) [class: kanban_excel_v2 | def: debug]
2026-09-10 18:14:54,134 - [DEBUG] - Analytics листы (строк): {'norms': 6363, 'statistics': 0, 'duration_matrix': 0, 'duration_matrix_by_group': 0, 'duration_matrix_by_status': 0, 'duration_matrix_by_group_status': 0} [class: kanban_excel_v2 | def: debug]
2026-09-10 18:14:54,134 - [DEBUG] -   → export_excel_v2_analytics [sheets=6] [class: kanban_excel_v2 | def: debug]
2026-09-10 18:14:54,135 - [DEBUG] -   · export_excel_v2 start (sheets=6, rows_norms=6363, rows_statistics=0, rows_duration_matrix=0, rows_duration_matrix_by_group=0, rows_duration_matrix_by_status=0, rows_duration_matrix_by_group_status=0) [class: kanban.excel_v2.exporter | def: debug_event]
2026-09-10 18:14:54,136 - [DEBUG] - → export_excel_v2 [sheets=6] [class: kanban.excel_v2.exporter | def: procedure]
2026-09-10 18:15:01,152 - [INFO] - Матрица сроков [duration_matrix]: лист записан, mode=by_volume, status=False, колонок процентилей=3, порог p80, выделено ячеек=244, freeze=G4 [class: kanban.excel_v2.exporter | def: _write_duration_matrix_sheet]
2026-09-10 18:15:21,036 - [INFO] - Матрица сроков [duration_matrix_by_group]: лист записан, mode=group_alpha_product_volume, status=False, колонок процентилей=3, порог p80, выделено ячеек=244, freeze=G4 [class: kanban.excel_v2.exporter | def: _write_duration_matrix_sheet]
2026-09-10 18:16:25,380 - [INFO] - Матрица сроков [duration_matrix_by_status]: лист записан, mode=by_volume, status=True, колонок процентилей=3, порог p80, выделено ячеек=815, freeze=H4 [class: kanban.excel_v2.exporter | def: _write_duration_matrix_sheet]
2026-09-10 18:17:28,902 - [INFO] - Матрица сроков [duration_matrix_by_group_status]: лист записан, mode=group_alpha_product_volume, status=True, колонок процентилей=3, порог p80, выделено ячеек=815, freeze=H4 [class: kanban.excel_v2.exporter | def: _write_duration_matrix_sheet]
2026-09-10 18:18:00,216 - [INFO] - Excel v2 сохранён: C:\Users\01803187\Documents\MyProject\KANBAN_HTML_Analiz\OUT\excel_v2\kanban_excel_v2_analytics_20260910_143027.xlsx (6 листов) [class: kanban.excel_v2.exporter | def: _export_excel_v2_impl]
2026-09-10 18:18:00,217 - [DEBUG] - ← export_excel_v2 — 186.08 сек [sheets=6] [class: kanban.excel_v2.exporter | def: procedure]
2026-09-10 18:18:00,217 - [DEBUG] -   ← export_excel_v2_analytics — 186.08 сек [sheets=6] [class: kanban_excel_v2 | def: debug]
2026-09-10 18:18:00,217 - [INFO] - ✓ Excel analytics: kanban_excel_v2_analytics_20260910_143027.xlsx (186.1 сек) [class: kanban_excel_v2 | def: _emit]
2026-09-10 18:18:00,217 - [DEBUG] - ✓ Этап «Экспорт analytics» завершён: Excel analytics: kanban_excel_v2_analytics_20260910_143027.xlsx (186.08 сек) [class: kanban_excel_v2 | def: debug]
2026-09-10 18:18:00,217 - [INFO] - ▶ Этап: Экспорт detail — kanban_excel_v2_detail_20260910_143027.xlsx [class: kanban_excel_v2 | def: _emit]
2026-09-10 18:18:00,217 - [DEBUG] - ▶ Старт этапа «Экспорт detail» (kanban_excel_v2_detail_20260910_143027.xlsx) [class: kanban_excel_v2 | def: debug]
2026-09-10 18:18:00,217 - [DEBUG] - Detail листы (строк): {'leads': 742665, 'managers': 7950, 'violations': 259384} [class: kanban_excel_v2 | def: debug]
2026-09-10 18:18:00,217 - [DEBUG] -   → export_excel_v2_detail [sheets=3] [class: kanban_excel_v2 | def: debug]
2026-09-10 18:18:00,217 - [DEBUG] -   · export_excel_v2 start (sheets=3, rows_leads=742665, rows_managers=7950, rows_violations=259384) [class: kanban.excel_v2.exporter | def: debug_event]
2026-09-10 18:18:00,218 - [DEBUG] - → export_excel_v2 [sheets=3] [class: kanban.excel_v2.exporter | def: procedure]
2026-09-10 18:18:05,417 - [WARNING] - C:\Users\01803187\Documents\MyProject\KANBAN_HTML_Analiz\src\date_utils.py:66: UserWarning: Parsing dates in %Y-%m-%d %H:%M:%S format when dayfirst=True was specified. Pass `dayfirst=False` or specify a format to silence this warning.
  parsed: pd.Series = pd.to_datetime(text_values, errors="coerce", dayfirst=dayfirst)
 [class: py.warnings | def: _showwarnmsg]
2026-09-10 18:18:05,500 - [DEBUG] - Колонка 'Дата создания сделки': 192440/742665 значений без даты (NaT) [class: kanban.date_utils | def: parse_date_column]
2026-09-10 18:18:45,041 - [WARNING] - C:\Users\01803187\Documents\MyProject\KANBAN_HTML_Analiz\src\date_utils.py:66: UserWarning: Parsing dates in %Y-%m-%d %H:%M:%S format when dayfirst=True was specified. Pass `dayfirst=False` or specify a format to silence this warning.
  parsed: pd.Series = pd.to_datetime(text_values, errors="coerce", dayfirst=dayfirst)
 [class: py.warnings | def: _showwarnmsg]
2026-09-10 18:18:45,073 - [DEBUG] - Колонка 'Дата создания сделки': 36572/259384 значений без даты (NaT) [class: kanban.date_utils | def: parse_date_column]
2026-09-10 18:41:50,236 - [INFO] - Excel v2 сохранён: C:\Users\01803187\Documents\MyProject\KANBAN_HTML_Analiz\OUT\excel_v2\kanban_excel_v2_detail_20260910_143027.xlsx (3 листов) [class: kanban.excel_v2.exporter | def: _export_excel_v2_impl]
2026-09-10 18:41:51,563 - [DEBUG] - ← export_excel_v2 — 1431.34 сек [sheets=3] [class: kanban.excel_v2.exporter | def: procedure]
2026-09-10 18:41:51,571 - [DEBUG] -   ← export_excel_v2_detail — 1431.34 сек [sheets=3] [class: kanban_excel_v2 | def: debug]
2026-09-10 18:41:51,573 - [INFO] - ✓ Excel detail: kanban_excel_v2_detail_20260910_143027.xlsx (1431.4 сек) [class: kanban_excel_v2 | def: _emit]
2026-09-10 18:41:51,574 - [DEBUG] - ✓ Этап «Экспорт detail» завершён: Excel detail: kanban_excel_v2_detail_20260910_143027.xlsx (1431.36 сек) [class: kanban_excel_v2 | def: debug]
2026-09-10 18:41:51,586 - [INFO] - ▶ Этап: Экспорт source — kanban_excel_v2_source_20260910_143027.xlsx [class: kanban_excel_v2 | def: _emit]
2026-09-10 18:41:51,586 - [DEBUG] - ▶ Старт этапа «Экспорт source» (kanban_excel_v2_source_20260910_143027.xlsx) [class: kanban_excel_v2 | def: debug]
2026-09-10 18:41:51,599 - [DEBUG] - Source лист: rows=109,605 [class: kanban_excel_v2 | def: debug]
2026-09-10 18:41:51,599 - [DEBUG] -   → export_excel_v2_source [rows=109605] [class: kanban_excel_v2 | def: debug]
2026-09-10 18:41:51,605 - [DEBUG] -   · export_excel_v2 start (sheets=1, rows_source=109605) [class: kanban.excel_v2.exporter | def: debug_event]
2026-09-10 18:41:51,605 - [DEBUG] - → export_excel_v2 [sheets=1] [class: kanban.excel_v2.exporter | def: procedure]
2026-09-10 18:41:52,422 - [DEBUG] - Колонка 'Дата создания сделки': 108242/109605 значений без даты (NaT) [class: kanban.date_utils | def: parse_date_column]
2026-09-10 18:43:49,783 - [INFO] - Excel v2 сохранён: C:\Users\01803187\Documents\MyProject\KANBAN_HTML_Analiz\OUT\excel_v2\kanban_excel_v2_source_20260910_143027.xlsx (1 листов) [class: kanban.excel_v2.exporter | def: _export_excel_v2_impl]
2026-09-10 18:43:49,798 - [DEBUG] - ← export_excel_v2 — 118.19 сек [sheets=1] [class: kanban.excel_v2.exporter | def: procedure]
2026-09-10 18:43:49,798 - [DEBUG] -   ← export_excel_v2_source — 118.20 сек [rows=109605] [class: kanban_excel_v2 | def: debug]
2026-09-10 18:43:49,798 - [INFO] - ✓ Excel source: kanban_excel_v2_source_20260910_143027.xlsx (118.2 сек) [class: kanban_excel_v2 | def: _emit]
2026-09-10 18:43:49,798 - [DEBUG] - ✓ Этап «Экспорт source» завершён: Excel source: kanban_excel_v2_source_20260910_143027.xlsx (118.22 сек) [class: kanban_excel_v2 | def: debug]
2026-09-10 18:43:49,841 - [INFO] -  [class: kanban_excel_v2 | def: _emit]
2026-09-10 18:43:49,841 - [INFO] - ══════════════════════════════════════════════ [class: kanban_excel_v2 | def: _emit]
2026-09-10 18:43:49,841 - [INFO] - Сводка времени обработки [class: kanban_excel_v2 | def: _emit]
2026-09-10 18:43:49,841 - [INFO] - ────────────────────────────────────────────── [class: kanban_excel_v2 | def: _emit]
2026-09-10 18:43:49,841 - [INFO] -   Загрузка Kanban              0.0 сек  (   0%) [class: kanban_excel_v2 | def: _emit]
2026-09-10 18:43:49,841 - [INFO] -   Загрузка Excel            2559.7 сек  (  17%) [class: kanban_excel_v2 | def: _emit]
2026-09-10 18:43:49,841 - [INFO] -   Фильтрация                 241.1 сек  (   2%) [class: kanban_excel_v2 | def: _emit]
2026-09-10 18:43:49,842 - [INFO] -   Снимок + нормативы        10434.4 сек  (  69%) [class: kanban_excel_v2 | def: _emit]
2026-09-10 18:43:49,842 - [INFO] -   Исходные строки (source)   106.6 сек  (   1%) [class: kanban_excel_v2 | def: _emit]
2026-09-10 18:43:49,842 - [INFO] -   Нормативы перцентилей       27.0 сек  (   0%) [class: kanban_excel_v2 | def: _emit]
2026-09-10 18:43:49,842 - [INFO] -   Своды по менеджерам         82.0 сек  (   1%) [class: kanban_excel_v2 | def: _emit]
2026-09-10 18:43:49,842 - [INFO] -   Экспорт analytics          186.1 сек  (   1%) [class: kanban_excel_v2 | def: _emit]
2026-09-10 18:43:49,842 - [INFO] -   Экспорт detail            1431.4 сек  (   9%) [class: kanban_excel_v2 | def: _emit]
2026-09-10 18:43:49,842 - [INFO] -   Экспорт source             118.2 сек  (   1%) [class: kanban_excel_v2 | def: _emit]
2026-09-10 18:43:49,842 - [INFO] - ────────────────────────────────────────────── [class: kanban_excel_v2 | def: _emit]
2026-09-10 18:43:49,842 - [INFO] -   ИТОГО                     15202.3 сек [class: kanban_excel_v2 | def: _emit]
2026-09-10 18:43:49,842 - [INFO] - ══════════════════════════════════════════════ [class: kanban_excel_v2 | def: _emit]
2026-09-10 18:43:49,842 - [DEBUG] - ── DEBUG: подэтапы (накопительно) ── [class: kanban_excel_v2 | def: debug]
2026-09-10 18:43:49,842 - [DEBUG] -   · подготовка фильтров: 24.48 сек [class: kanban_excel_v2 | def: debug]
2026-09-10 18:43:49,842 - [DEBUG] -   · apply_filters: 82.00 сек [class: kanban_excel_v2 | def: debug]
2026-09-10 18:43:49,842 - [DEBUG] -   · filter_terminal_deal_stage_rows: 134.62 сек [class: kanban_excel_v2 | def: debug]
2026-09-10 18:43:49,842 - [DEBUG] -   · snapshot + records + team_files: 10338.51 сек [class: kanban_excel_v2 | def: debug]
2026-09-10 18:43:49,842 - [DEBUG] -   · enrich_snapshot_with_team_dfs: 88.70 сек [class: kanban_excel_v2 | def: debug]
2026-09-10 18:43:49,842 - [DEBUG] -   · manager_emails: 7.19 сек [class: kanban_excel_v2 | def: debug]
2026-09-10 18:43:49,842 - [DEBUG] -   · build_norms_tables: 16.67 сек [class: kanban_excel_v2 | def: debug]
2026-09-10 18:43:49,842 - [DEBUG] -   · build_p80_lookup + exceedance: 1.97 сек [class: kanban_excel_v2 | def: debug]
2026-09-10 18:43:49,842 - [DEBUG] -   · attach_status_duration_columns: 8.41 сек [class: kanban_excel_v2 | def: debug]
2026-09-10 18:43:49,843 - [DEBUG] -   · build_manager_reports: 82.02 сек [class: kanban_excel_v2 | def: debug]
2026-09-10 18:43:49,843 - [DEBUG] -   · snapshot_to_export_frame: 0.73 сек [class: kanban_excel_v2 | def: debug]
2026-09-10 18:43:49,846 - [DEBUG] -   · подготовка analytics к экспорту: 0.02 сек [class: kanban_excel_v2 | def: debug]
2026-09-10 18:43:49,846 - [DEBUG] -   · build_duration_matrix: 6.50 сек [class: kanban_excel_v2 | def: debug]
2026-09-10 18:43:49,848 - [INFO] - Excel v2 завершён за 15202.3 с: kanban_excel_v2_analytics_20260910_143027.xlsx, kanban_excel_v2_detail_20260910_143027.xlsx, kanban_excel_v2_source_20260910_143027.xlsx [class: kanban_excel_v2 | def: run_excel_pipeline]
2026-09-10 18:43:49,858 - [DEBUG] -   · pipeline finished (elapsed_sec=15202.34, files=3, parts=analytics,detail,source) [class: kanban.excel_v2.pipeline | def: debug_event]
